Archive member included to satisfy reference by file (symbol)

d:/program files (x86)/gnu/10 2021.10/bin/../lib/gcc/arm-none-eabi/10.3.1/../../../../arm-none-eabi/lib/thumb/v7-m/nofp\libc_nano.a(lib_a-exit.o)
                              d:/program files (x86)/gnu/10 2021.10/bin/../lib/gcc/arm-none-eabi/10.3.1/../../../../arm-none-eabi/lib/thumb/v7-m/nofp/crt0.o (exit)
d:/program files (x86)/gnu/10 2021.10/bin/../lib/gcc/arm-none-eabi/10.3.1/../../../../arm-none-eabi/lib/thumb/v7-m/nofp\libc_nano.a(lib_a-impure.o)
                              d:/program files (x86)/gnu/10 2021.10/bin/../lib/gcc/arm-none-eabi/10.3.1/../../../../arm-none-eabi/lib/thumb/v7-m/nofp\libc_nano.a(lib_a-exit.o) (_global_impure_ptr)
d:/program files (x86)/gnu/10 2021.10/bin/../lib/gcc/arm-none-eabi/10.3.1/../../../../arm-none-eabi/lib/thumb/v7-m/nofp\libc_nano.a(lib_a-init.o)
                              d:/program files (x86)/gnu/10 2021.10/bin/../lib/gcc/arm-none-eabi/10.3.1/../../../../arm-none-eabi/lib/thumb/v7-m/nofp/crt0.o (__libc_init_array)
d:/program files (x86)/gnu/10 2021.10/bin/../lib/gcc/arm-none-eabi/10.3.1/../../../../arm-none-eabi/lib/thumb/v7-m/nofp\libc_nano.a(lib_a-memset.o)
                              d:/program files (x86)/gnu/10 2021.10/bin/../lib/gcc/arm-none-eabi/10.3.1/../../../../arm-none-eabi/lib/thumb/v7-m/nofp/crt0.o (memset)
d:/program files (x86)/gnu/10 2021.10/bin/../lib/gcc/arm-none-eabi/10.3.1/../../../../arm-none-eabi/lib/thumb/v7-m/nofp\libg_nano.a(lib_a-errno.o)
                              CMakeFiles/test_LED.dir/Core/Src/sysmem.c.obj (__errno)

Discarded input sections

 .text          0x00000000        0x0 d:/program files (x86)/gnu/10 2021.10/bin/../lib/gcc/arm-none-eabi/10.3.1/thumb/v7-m/nofp/crti.o
 .data          0x00000000        0x0 d:/program files (x86)/gnu/10 2021.10/bin/../lib/gcc/arm-none-eabi/10.3.1/thumb/v7-m/nofp/crti.o
 .bss           0x00000000        0x0 d:/program files (x86)/gnu/10 2021.10/bin/../lib/gcc/arm-none-eabi/10.3.1/thumb/v7-m/nofp/crti.o
 .data          0x00000000        0x4 d:/program files (x86)/gnu/10 2021.10/bin/../lib/gcc/arm-none-eabi/10.3.1/thumb/v7-m/nofp/crtbegin.o
 .rodata        0x00000000       0x24 d:/program files (x86)/gnu/10 2021.10/bin/../lib/gcc/arm-none-eabi/10.3.1/thumb/v7-m/nofp/crtbegin.o
 .text          0x00000000       0x7c d:/program files (x86)/gnu/10 2021.10/bin/../lib/gcc/arm-none-eabi/10.3.1/../../../../arm-none-eabi/lib/thumb/v7-m/nofp/crt0.o
 .data          0x00000000        0x0 d:/program files (x86)/gnu/10 2021.10/bin/../lib/gcc/arm-none-eabi/10.3.1/../../../../arm-none-eabi/lib/thumb/v7-m/nofp/crt0.o
 .bss           0x00000000        0x0 d:/program files (x86)/gnu/10 2021.10/bin/../lib/gcc/arm-none-eabi/10.3.1/../../../../arm-none-eabi/lib/thumb/v7-m/nofp/crt0.o
 .ARM.extab     0x00000000        0x0 d:/program files (x86)/gnu/10 2021.10/bin/../lib/gcc/arm-none-eabi/10.3.1/../../../../arm-none-eabi/lib/thumb/v7-m/nofp/crt0.o
 .ARM.exidx     0x00000000       0x10 d:/program files (x86)/gnu/10 2021.10/bin/../lib/gcc/arm-none-eabi/10.3.1/../../../../arm-none-eabi/lib/thumb/v7-m/nofp/crt0.o
 .ARM.attributes
                0x00000000       0x1b d:/program files (x86)/gnu/10 2021.10/bin/../lib/gcc/arm-none-eabi/10.3.1/../../../../arm-none-eabi/lib/thumb/v7-m/nofp/crt0.o
 .text          0x00000000        0x0 d:/program files (x86)/gnu/10 2021.10/bin/../lib/gcc/arm-none-eabi/10.3.1/../../../../arm-none-eabi/lib/thumb/v7-m/nofp\libc_nano.a(lib_a-exit.o)
 .data          0x00000000        0x0 d:/program files (x86)/gnu/10 2021.10/bin/../lib/gcc/arm-none-eabi/10.3.1/../../../../arm-none-eabi/lib/thumb/v7-m/nofp\libc_nano.a(lib_a-exit.o)
 .bss           0x00000000        0x0 d:/program files (x86)/gnu/10 2021.10/bin/../lib/gcc/arm-none-eabi/10.3.1/../../../../arm-none-eabi/lib/thumb/v7-m/nofp\libc_nano.a(lib_a-exit.o)
 .text.exit     0x00000000       0x28 d:/program files (x86)/gnu/10 2021.10/bin/../lib/gcc/arm-none-eabi/10.3.1/../../../../arm-none-eabi/lib/thumb/v7-m/nofp\libc_nano.a(lib_a-exit.o)
 .debug_frame   0x00000000       0x28 d:/program files (x86)/gnu/10 2021.10/bin/../lib/gcc/arm-none-eabi/10.3.1/../../../../arm-none-eabi/lib/thumb/v7-m/nofp\libc_nano.a(lib_a-exit.o)
 .ARM.attributes
                0x00000000       0x2d d:/program files (x86)/gnu/10 2021.10/bin/../lib/gcc/arm-none-eabi/10.3.1/../../../../arm-none-eabi/lib/thumb/v7-m/nofp\libc_nano.a(lib_a-exit.o)
 .text          0x00000000        0x0 d:/program files (x86)/gnu/10 2021.10/bin/../lib/gcc/arm-none-eabi/10.3.1/../../../../arm-none-eabi/lib/thumb/v7-m/nofp\libc_nano.a(lib_a-impure.o)
 .data          0x00000000        0x0 d:/program files (x86)/gnu/10 2021.10/bin/../lib/gcc/arm-none-eabi/10.3.1/../../../../arm-none-eabi/lib/thumb/v7-m/nofp\libc_nano.a(lib_a-impure.o)
 .bss           0x00000000        0x0 d:/program files (x86)/gnu/10 2021.10/bin/../lib/gcc/arm-none-eabi/10.3.1/../../../../arm-none-eabi/lib/thumb/v7-m/nofp\libc_nano.a(lib_a-impure.o)
[...]
Memory Configuration

Name             Origin             Length             Attributes
RAM              0x20000000         0x00005000         xrw
FLASH            0x08000000         0x00010000         xr
*default*        0x00000000         0xffffffff

Linker script and memory map

LOAD d:/program files (x86)/gnu/10 2021.10/bin/../lib/gcc/arm-none-eabi/10.3.1/thumb/v7-m/nofp/crti.o
LOAD d:/program files (x86)/gnu/10 2021.10/bin/../lib/gcc/arm-none-eabi/10.3.1/thumb/v7-m/nofp/crtbegin.o
LOAD d:/program files (x86)/gnu/10 2021.10/bin/../lib/gcc/arm-none-eabi/10.3.1/../../../../arm-none-eabi/lib/thumb/v7-m/nofp/crt0.o
START GROUP
LOAD d:/program files (x86)/gnu/10 2021.10/bin/../lib/gcc/arm-none-eabi/10.3.1/../../../../arm-none-eabi/lib/thumb/v7-m/nofp\libc_nano.a
LOAD d:/program files (x86)/gnu/10 2021.10/bin/../lib/gcc/arm-none-eabi/10.3.1/../../../../arm-none-eabi/lib/thumb/v7-m/nofp\libm.a
END GROUP
LOAD CMakeFiles/test_LED.dir/Core/Src/main.c.obj
LOAD CMakeFiles/test_LED.dir/Core/Src/gpio.c.obj
LOAD CMakeFiles/test_LED.dir/Core/Src/demo.c.obj
LOAD CMakeFiles/test_LED.dir/Core/Src/stm32f1xx_it.c.obj
LOAD CMakeFiles/test_LED.dir/Core/Src/stm32f1xx_hal_msp.c.obj
LOAD CMakeFiles/test_LED.dir/Drivers/STM32F1xx_HAL_Driver/Src/stm32f1xx_hal_gpio_ex.c.obj
LOAD CMakeFiles/test_LED.dir/Drivers/STM32F1xx_HAL_Driver/Src/stm32f1xx_hal.c.obj
LOAD CMakeFiles/test_LED.dir/Drivers/STM32F1xx_HAL_Driver/Src/stm32f1xx_hal_rcc.c.obj
LOAD CMakeFiles/test_LED.dir/Drivers/STM32F1xx_HAL_Driver/Src/stm32f1xx_hal_rcc_ex.c.obj
LOAD CMakeFiles/test_LED.dir/Drivers/STM32F1xx_HAL_Driver/Src/stm32f1xx_hal_gpio.c.obj
LOAD CMakeFiles/test_LED.dir/Drivers/STM32F1xx_HAL_Driver/Src/stm32f1xx_hal_dma.c.obj
LOAD CMakeFiles/test_LED.dir/Drivers/STM32F1xx_HAL_Driver/Src/stm32f1xx_hal_cortex.c.obj
LOAD CMakeFiles/test_LED.dir/Drivers/STM32F1xx_HAL_Driver/Src/stm32f1xx_hal_pwr.c.obj
LOAD CMakeFiles/test_LED.dir/Drivers/STM32F1xx_HAL_Driver/Src/stm32f1xx_hal_flash.c.obj
LOAD CMakeFiles/test_LED.dir/Drivers/STM32F1xx_HAL_Driver/Src/stm32f1xx_hal_flash_ex.c.obj
LOAD CMakeFiles/test_LED.dir/Drivers/STM32F1xx_HAL_Driver/Src/stm32f1xx_hal_exti.c.obj
LOAD CMakeFiles/test_LED.dir/Core/Src/system_stm32f1xx.c.obj
LOAD CMakeFiles/test_LED.dir/Core/Src/sysmem.c.obj
LOAD CMakeFiles/test_LED.dir/Core/Src/syscalls.c.obj
LOAD CMakeFiles/test_LED.dir/startup_stm32f103xb.s.obj
LOAD CMakeFiles/test_LED.dir/Core/Src/task.s.obj
LOAD CMakeFiles/test_LED.dir/Kernel/Src/cpuport.c.obj
LOAD CMakeFiles/test_LED.dir/Kernel/Src/schedule.c.obj
LOAD CMakeFiles/test_LED.dir/Kernel/Src/thread.c.obj
LOAD CMakeFiles/test_LED.dir/Kernel/Src/object.c.obj
LOAD CMakeFiles/test_LED.dir/Kernel/Src/clock.c.obj
LOAD CMakeFiles/test_LED.dir/Kernel/Src/irqc.c.obj
LOAD CMakeFiles/test_LED.dir/Kernel/Src/idle.c.obj
LOAD CMakeFiles/test_LED.dir/Kernel/Src/service.c.obj
START GROUP
LOAD d:/program files (x86)/gnu/10 2021.10/bin/../lib/gcc/arm-none-eabi/10.3.1/thumb/v7-m/nofp\libgcc.a
LOAD d:/program files (x86)/gnu/10 2021.10/bin/../lib/gcc/arm-none-eabi/10.3.1/../../../../arm-none-eabi/lib/thumb/v7-m/nofp\libg_nano.a
LOAD d:/program files (x86)/gnu/10 2021.10/bin/../lib/gcc/arm-none-eabi/10.3.1/../../../../arm-none-eabi/lib/thumb/v7-m/nofp\libc_nano.a
END GROUP
START GROUP
LOAD d:/program files (x86)/gnu/10 2021.10/bin/../lib/gcc/arm-none-eabi/10.3.1/thumb/v7-m/nofp\libgcc.a
LOAD d:/program files (x86)/gnu/10 2021.10/bin/../lib/gcc/arm-none-eabi/10.3.1/../../../../arm-none-eabi/lib/thumb/v7-m/nofp\libc_nano.a
END GROUP
LOAD d:/program files (x86)/gnu/10 2021.10/bin/../lib/gcc/arm-none-eabi/10.3.1/thumb/v7-m/nofp/crtend.o
LOAD d:/program files (x86)/gnu/10 2021.10/bin/../lib/gcc/arm-none-eabi/10.3.1/thumb/v7-m/nofp/crtn.o
                0x20005000                _estack = (ORIGIN (RAM) + LENGTH (RAM))
                0x00000200                _Min_Heap_Size = 0x200
                0x00000400                _Min_Stack_Size = 0x400

.isr_vector     0x08000000      0x10c
                0x08000000                . = ALIGN (0x4)
 *(.isr_vector)
 .isr_vector    0x08000000      0x10c CMakeFiles/test_LED.dir/startup_stm32f103xb.s.obj
                0x08000000                g_pfnVectors
                0x0800010c                . = ALIGN (0x4)

.text           0x08000200     0x12dc
                0x08000200                . = ALIGN (0x4)
 *(.text)
 .text          0x08000200       0x40 d:/program files (x86)/gnu/10 2021.10/bin/../lib/gcc/arm-none-eabi/10.3.1/thumb/v7-m/nofp/crtbegin.o
 *fill*         0x08000240       0xc0 
 .text          0x08000300      0x180 CMakeFiles/test_LED.dir/Core/Src/task.s.obj
                0x08000300                rt_hw_context_switch_to
                0x08000400                rt_hw_context_switch
                0x08000420                PendSV_Handler
                0x0800045c                rt_hw_interrupt_disable
                0x08000464                rt_hw_interrupt_enable
 *(.text*)
 .text.__libc_init_array
                0x08000480       0x48 d:/program files (x86)/gnu/10 2021.10/bin/../lib/gcc/arm-none-eabi/10.3.1/../../../../arm-none-eabi/lib/thumb/v7-m/nofp\libc_nano.a(lib_a-init.o)
                0x08000480                __libc_init_array
 .text.main     0x080004c8       0x16 CMakeFiles/test_LED.dir/Core/Src/main.c.obj
                0x080004c8                main
 *fill*         0x080004de        0x2 
 .text.MX_GPIO_Init
                0x080004e0       0xd4 CMakeFiles/test_LED.dir/Core/Src/gpio.c.obj
                0x080004e0                MX_GPIO_Init
 .text.__NVIC_SetPriority
                0x080005b4       0x54 CMakeFiles/test_LED.dir/Core/Src/demo.c.obj
 .text.SysTick_Config
                0x08000608       0x44 CMakeFiles/test_LED.dir/Core/Src/demo.c.obj
 .text.rt_rtos_init
                0x0800064c       0x98 CMakeFiles/test_LED.dir/Core/Src/demo.c.obj
                0x0800064c                rt_rtos_init
 .text.flag1_thread_entry
                0x080006e4       0x2c CMakeFiles/test_LED.dir/Core/Src/demo.c.obj
                0x080006e4                flag1_thread_entry
 .text.flag2_thread_entry
                0x08000710       0x2c CMakeFiles/test_LED.dir/Core/Src/demo.c.obj
                0x08000710                flag2_thread_entry
 .text.NMI_Handler
                0x0800073c        0x6 CMakeFiles/test_LED.dir/Core/Src/stm32f1xx_it.c.obj
                0x0800073c                NMI_Handler
 .text.HardFault_Handler
                0x08000742        0x6 CMakeFiles/test_LED.dir/Core/Src/stm32f1xx_it.c.obj
                0x08000742                HardFault_Handler
 .text.MemManage_Handler
                0x08000748        0x6 CMakeFiles/test_LED.dir/Core/Src/stm32f1xx_it.c.obj
                0x08000748                MemManage_Handler
 .text.BusFault_Handler
                0x0800074e        0x6 CMakeFiles/test_LED.dir/Core/Src/stm32f1xx_it.c.obj
                0x0800074e                BusFault_Handler
 .text.UsageFault_Handler
                0x08000754        0x6 CMakeFiles/test_LED.dir/Core/Src/stm32f1xx_it.c.obj
                0x08000754                UsageFault_Handler
 .text.DebugMon_Handler
                0x0800075a        0xc CMakeFiles/test_LED.dir/Core/Src/stm32f1xx_it.c.obj
                0x0800075a                DebugMon_Handler
 .text.SysTick_Handler
                0x08000766       0x14 CMakeFiles/test_LED.dir/Core/Src/stm32f1xx_it.c.obj
                0x08000766                SysTick_Handler
 *fill*         0x0800077a        0x2 
 .text.HAL_MspInit
                0x0800077c       0x64 CMakeFiles/test_LED.dir/Core/Src/stm32f1xx_hal_msp.c.obj
                0x0800077c                HAL_MspInit
 .text.HAL_Init
                0x080007e0       0x2c CMakeFiles/test_LED.dir/Drivers/STM32F1xx_HAL_Driver/Src/stm32f1xx_hal.c.obj
                0x080007e0                HAL_Init
 .text.HAL_InitTick
                0x0800080c       0x60 CMakeFiles/test_LED.dir/Drivers/STM32F1xx_HAL_Driver/Src/stm32f1xx_hal.c.obj
                0x0800080c                HAL_InitTick
 .text.HAL_GPIO_Init
                0x0800086c      0x308 CMakeFiles/test_LED.dir/Drivers/STM32F1xx_HAL_Driver/Src/stm32f1xx_hal_gpio.c.obj
                0x0800086c                HAL_GPIO_Init
 .text.HAL_GPIO_WritePin
                0x08000b74       0x30 CMakeFiles/test_LED.dir/Drivers/STM32F1xx_HAL_Driver/Src/stm32f1xx_hal_gpio.c.obj
                0x08000b74                HAL_GPIO_WritePin
 .text.HAL_GPIO_TogglePin
                0x08000ba4       0x32 CMakeFiles/test_LED.dir/Drivers/STM32F1xx_HAL_Driver/Src/stm32f1xx_hal_gpio.c.obj
                0x08000ba4                HAL_GPIO_TogglePin
 *fill*         0x08000bd6        0x2 
 .text.__NVIC_SetPriorityGrouping
                0x08000bd8       0x48 CMakeFiles/test_LED.dir/Drivers/STM32F1xx_HAL_Driver/Src/stm32f1xx_hal_cortex.c.obj
 .text.__NVIC_GetPriorityGrouping
                0x08000c20       0x1c CMakeFiles/test_LED.dir/Drivers/STM32F1xx_HAL_Driver/Src/stm32f1xx_hal_cortex.c.obj
 .text.__NVIC_SetPriority
                0x08000c3c       0x54 CMakeFiles/test_LED.dir/Drivers/STM32F1xx_HAL_Driver/Src/stm32f1xx_hal_cortex.c.obj
 .text.NVIC_EncodePriority
                0x08000c90       0x64 CMakeFiles/test_LED.dir/Drivers/STM32F1xx_HAL_Driver/Src/stm32f1xx_hal_cortex.c.obj
 .text.SysTick_Config
                0x08000cf4       0x44 CMakeFiles/test_LED.dir/Drivers/STM32F1xx_HAL_Driver/Src/stm32f1xx_hal_cortex.c.obj
 .text.HAL_NVIC_SetPriorityGrouping
                0x08000d38       0x16 CMakeFiles/test_LED.dir/Drivers/STM32F1xx_HAL_Driver/Src/stm32f1xx_hal_cortex.c.obj
                0x08000d38                HAL_NVIC_SetPriorityGrouping
 .text.HAL_NVIC_SetPriority
                0x08000d4e       0x38 CMakeFiles/test_LED.dir/Drivers/STM32F1xx_HAL_Driver/Src/stm32f1xx_hal_cortex.c.obj
                0x08000d4e                HAL_NVIC_SetPriority
 .text.HAL_SYSTICK_Config
                0x08000d86       0x18 CMakeFiles/test_LED.dir/Drivers/STM32F1xx_HAL_Driver/Src/stm32f1xx_hal_cortex.c.obj
                0x08000d86                HAL_SYSTICK_Config
 .text.SystemInit
                0x08000d9e        0xc CMakeFiles/test_LED.dir/Core/Src/system_stm32f1xx.c.obj
                0x08000d9e                SystemInit
 *fill*         0x08000daa        0x2 
 .text.Reset_Handler
                0x08000dac       0x48 CMakeFiles/test_LED.dir/startup_stm32f103xb.s.obj
                0x08000dac                Reset_Handler
 .text.Default_Handler
                0x08000df4        0x2 CMakeFiles/test_LED.dir/startup_stm32f103xb.s.obj
                0x08000df4                RTC_Alarm_IRQHandler
                0x08000df4                EXTI2_IRQHandler
                0x08000df4                TIM1_CC_IRQHandler
                0x08000df4                PVD_IRQHandler
                0x08000df4                EXTI3_IRQHandler
                0x08000df4                EXTI0_IRQHandler
                0x08000df4                I2C2_EV_IRQHandler
                0x08000df4                ADC1_2_IRQHandler
                0x08000df4                SPI1_IRQHandler
                0x08000df4                TAMPER_IRQHandler
                0x08000df4                DMA1_Channel4_IRQHandler
                0x08000df4                USART3_IRQHandler
                0x08000df4                RTC_IRQHandler
                0x08000df4                DMA1_Channel7_IRQHandler
                0x08000df4                CAN1_RX1_IRQHandler
                0x08000df4                TIM4_IRQHandler
                0x08000df4                I2C1_EV_IRQHandler
                0x08000df4                DMA1_Channel6_IRQHandler
                0x08000df4                TIM3_IRQHandler
                0x08000df4                RCC_IRQHandler
                0x08000df4                TIM1_TRG_COM_IRQHandler
                0x08000df4                DMA1_Channel1_IRQHandler
                0x08000df4                Default_Handler
                0x08000df4                EXTI15_10_IRQHandler
                0x08000df4                EXTI9_5_IRQHandler
                0x08000df4                SPI2_IRQHandler
                0x08000df4                SVC_Handler
                0x08000df4                DMA1_Channel5_IRQHandler
                0x08000df4                EXTI4_IRQHandler
                0x08000df4                USB_LP_CAN1_RX0_IRQHandler
                0x08000df4                USB_HP_CAN1_TX_IRQHandler
                0x08000df4                DMA1_Channel3_IRQHandler
                0x08000df4                TIM1_UP_IRQHandler
                0x08000df4                WWDG_IRQHandler
                0x08000df4                TIM2_IRQHandler
                0x08000df4                TIM1_BRK_IRQHandler
                0x08000df4                EXTI1_IRQHandler
                0x08000df4                USART2_IRQHandler
                0x08000df4                I2C2_ER_IRQHandler
                0x08000df4                DMA1_Channel2_IRQHandler
                0x08000df4                CAN1_SCE_IRQHandler
                0x08000df4                FLASH_IRQHandler
                0x08000df4                USART1_IRQHandler
                0x08000df4                I2C1_ER_IRQHandler
                0x08000df4                USBWakeUp_IRQHandler
 *fill*         0x08000df6        0x2 
 .text.rt_hw_stack_init
                0x08000df8       0x84 CMakeFiles/test_LED.dir/Kernel/Src/cpuport.c.obj
                0x08000df8                rt_hw_stack_init
 .text.rt_list_init
                0x08000e7c       0x20 CMakeFiles/test_LED.dir/Kernel/Src/schedule.c.obj
 .text.rt_list_insert_before
                0x08000e9c       0x30 CMakeFiles/test_LED.dir/Kernel/Src/schedule.c.obj
 .text.rt_system_scheduler_init
                0x08000ecc       0x40 CMakeFiles/test_LED.dir/Kernel/Src/schedule.c.obj
                0x08000ecc                rt_system_scheduler_init
 .text.rt_system_scheduler_start
                0x08000f0c       0x3c CMakeFiles/test_LED.dir/Kernel/Src/schedule.c.obj
                0x08000f0c                rt_system_scheduler_start
 .text.rt_schedule_insert_thread
                0x08000f48       0x54 CMakeFiles/test_LED.dir/Kernel/Src/schedule.c.obj
                0x08000f48                rt_schedule_insert_thread
 .text.rt_schedule
                0x08000f9c       0x90 CMakeFiles/test_LED.dir/Kernel/Src/schedule.c.obj
                0x08000f9c                rt_schedule
 .text.rt_list_init
                0x0800102c       0x20 CMakeFiles/test_LED.dir/Kernel/Src/thread.c.obj
 .text.rt_list_remove
                0x0800104c       0x34 CMakeFiles/test_LED.dir/Kernel/Src/thread.c.obj
 .text.rt_thread_init
                0x08001080       0x8c CMakeFiles/test_LED.dir/Kernel/Src/thread.c.obj
                0x08001080                rt_thread_init
 .text.rt_thread_delay
                0x0800110c       0x50 CMakeFiles/test_LED.dir/Kernel/Src/thread.c.obj
                0x0800110c                rt_thread_delay
 .text.rt_thread_self
                0x0800115c       0x14 CMakeFiles/test_LED.dir/Kernel/Src/thread.c.obj
                0x0800115c                rt_thread_self
 .text.rt_thread_startup
                0x08001170       0x4c CMakeFiles/test_LED.dir/Kernel/Src/thread.c.obj
                0x08001170                rt_thread_startup
 .text.rt_thread_resume
                0x080011bc       0x42 CMakeFiles/test_LED.dir/Kernel/Src/thread.c.obj
                0x080011bc                rt_thread_resume
 .text.rt_list_insert_after
                0x080011fe       0x30 CMakeFiles/test_LED.dir/Kernel/Src/object.c.obj
 .text.rt_strncpy
                0x0800122e       0x62 CMakeFiles/test_LED.dir/Kernel/Src/object.c.obj
 .text.rt_object_get_information
                0x08001290       0x48 CMakeFiles/test_LED.dir/Kernel/Src/object.c.obj
                0x08001290                rt_object_get_information
 .text.rt_object_init
                0x080012d8       0x56 CMakeFiles/test_LED.dir/Kernel/Src/object.c.obj
                0x080012d8                rt_object_init
 *fill*         0x0800132e        0x2 
 .text.rt_tick_increase
                0x08001330       0x70 CMakeFiles/test_LED.dir/Kernel/Src/clock.c.obj
                0x08001330                rt_tick_increase
 .text.rt_interrupt_enter
                0x080013a0       0x30 CMakeFiles/test_LED.dir/Kernel/Src/irqc.c.obj
                0x080013a0                rt_interrupt_enter
 .text.rt_interrupt_leave
                0x080013d0       0x30 CMakeFiles/test_LED.dir/Kernel/Src/irqc.c.obj
                0x080013d0                rt_interrupt_leave
 .text.rt_thread_idle_entry
                0x08001400       0x18 CMakeFiles/test_LED.dir/Kernel/Src/idle.c.obj
                0x08001400                rt_thread_idle_entry
 .text.rt_thread_idle_init
                0x08001418       0x3c CMakeFiles/test_LED.dir/Kernel/Src/idle.c.obj
                0x08001418                rt_thread_idle_init
 .text.__rt_ffs
                0x08001454       0x70 CMakeFiles/test_LED.dir/Kernel/Src/service.c.obj
                0x08001454                __rt_ffs
 *(.glue_7)
 .glue_7        0x080014c4        0x0 linker stubs
 *(.glue_7t)
 .glue_7t       0x080014c4        0x0 linker stubs
 *(.eh_frame)
 .eh_frame      0x080014c4        0x0 d:/program files (x86)/gnu/10 2021.10/bin/../lib/gcc/arm-none-eabi/10.3.1/thumb/v7-m/nofp/crtbegin.o
 *(.init)
 .init          0x080014c4        0x4 d:/program files (x86)/gnu/10 2021.10/bin/../lib/gcc/arm-none-eabi/10.3.1/thumb/v7-m/nofp/crti.o
                0x080014c4                _init
 .init          0x080014c8        0x8 d:/program files (x86)/gnu/10 2021.10/bin/../lib/gcc/arm-none-eabi/10.3.1/thumb/v7-m/nofp/crtn.o
 *(.fini)
 .fini          0x080014d0        0x4 d:/program files (x86)/gnu/10 2021.10/bin/../lib/gcc/arm-none-eabi/10.3.1/thumb/v7-m/nofp/crti.o
                0x080014d0                _fini
 .fini          0x080014d4        0x8 d:/program files (x86)/gnu/10 2021.10/bin/../lib/gcc/arm-none-eabi/10.3.1/thumb/v7-m/nofp/crtn.o
                0x080014dc                . = ALIGN (0x4)
                0x080014dc                _etext = .

.vfp11_veneer   0x080014dc        0x0
 .vfp11_veneer  0x080014dc        0x0 linker stubs

.v4_bx          0x080014dc        0x0
 .v4_bx         0x080014dc        0x0 linker stubs

.iplt           0x080014dc        0x0
 .iplt          0x080014dc        0x0 d:/program files (x86)/gnu/10 2021.10/bin/../lib/gcc/arm-none-eabi/10.3.1/thumb/v7-m/nofp/crtbegin.o

.rodata         0x080014dc      0x118
                0x080014dc                . = ALIGN (0x4)
 *(.rodata)
 .rodata        0x080014dc        0xe CMakeFiles/test_LED.dir/Core/Src/demo.c.obj
 *fill*         0x080014ea        0x2 
 .rodata        0x080014ec        0x5 CMakeFiles/test_LED.dir/Kernel/Src/idle.c.obj
 *(.rodata*)
 *fill*         0x080014f1        0x3 
 .rodata.__lowest_bit_bitmap
                0x080014f4      0x100 CMakeFiles/test_LED.dir/Kernel/Src/service.c.obj
                0x080014f4                __lowest_bit_bitmap
                0x080015f4                . = ALIGN (0x4)

.rel.dyn        0x080015f4        0x0
 .rel.iplt      0x080015f4        0x0 d:/program files (x86)/gnu/10 2021.10/bin/../lib/gcc/arm-none-eabi/10.3.1/thumb/v7-m/nofp/crtbegin.o

.ARM.extab
 *(.ARM.extab* .gnu.linkonce.armextab.*)

.ARM            0x080015f4        0x0
                0x080015f4                __exidx_start = .
 *(.ARM.exidx*)
                0x080015f4                __exidx_end = .

.preinit_array  0x080015f4        0x0
                0x080015f4                PROVIDE (__preinit_array_start = .)
 *(.preinit_array*)
                0x080015f4                PROVIDE (__preinit_array_end = .)

.init_array     0x080015f4        0x4
                0x080015f4                PROVIDE (__init_array_start = .)
 *(SORT_BY_NAME(.init_array.*))
 *(.init_array*)
 .init_array    0x080015f4        0x4 d:/program files (x86)/gnu/10 2021.10/bin/../lib/gcc/arm-none-eabi/10.3.1/thumb/v7-m/nofp/crtbegin.o
                0x080015f8                PROVIDE (__init_array_end = .)

.fini_array     0x080015f8        0x4
                [!provide]                PROVIDE (__fini_array_start = .)
 *(SORT_BY_NAME(.fini_array.*))
 *(.fini_array*)
 .fini_array    0x080015f8        0x4 d:/program files (x86)/gnu/10 2021.10/bin/../lib/gcc/arm-none-eabi/10.3.1/thumb/v7-m/nofp/crtbegin.o
                [!provide]                PROVIDE (__fini_array_end = .)
                0x080015fc                _sidata = LOADADDR (.data)

.data           0x20000000       0x2c load address 0x080015fc
                0x20000000                . = ALIGN (0x4)
                0x20000000                _sdata = .
 *(.data)
 *(.data*)
 .data.uwTickPrio
                0x20000000        0x4 CMakeFiles/test_LED.dir/Drivers/STM32F1xx_HAL_Driver/Src/stm32f1xx_hal.c.obj
                0x20000000                uwTickPrio
 .data.uwTickFreq
                0x20000004        0x1 CMakeFiles/test_LED.dir/Drivers/STM32F1xx_HAL_Driver/Src/stm32f1xx_hal.c.obj
                0x20000004                uwTickFreq
 *fill*         0x20000005        0x3 
 .data.SystemCoreClock
                0x20000008        0x4 CMakeFiles/test_LED.dir/Core/Src/system_stm32f1xx.c.obj
                0x20000008                SystemCoreClock
 .data.rt_object_container
                0x2000000c       0x20 CMakeFiles/test_LED.dir/Kernel/Src/object.c.obj
                0x2000002c                . = ALIGN (0x4)
                0x2000002c                _edata = .

.igot.plt       0x2000002c        0x0 load address 0x08001628
 .igot.plt      0x2000002c        0x0 d:/program files (x86)/gnu/10 2021.10/bin/../lib/gcc/arm-none-eabi/10.3.1/thumb/v7-m/nofp/crtbegin.o
                0x2000002c                . = ALIGN (0x4)

.bss            0x2000002c      0x80c load address 0x08001628
                0x2000002c                _sbss = .
                0x2000002c                __bss_start__ = _sbss
 *(.bss)
 .bss           0x2000002c       0x1c d:/program files (x86)/gnu/10 2021.10/bin/../lib/gcc/arm-none-eabi/10.3.1/thumb/v7-m/nofp/crtbegin.o
 *(.bss*)
 .bss.rt_flag1_thread
                0x20000048       0x44 CMakeFiles/test_LED.dir/Core/Src/demo.c.obj
                0x20000048                rt_flag1_thread
 .bss.rt_flag2_thread
                0x2000008c       0x44 CMakeFiles/test_LED.dir/Core/Src/demo.c.obj
                0x2000008c                rt_flag2_thread
 .bss.rt_flag1_thread_stack
                0x200000d0      0x200 CMakeFiles/test_LED.dir/Core/Src/demo.c.obj
                0x200000d0                rt_flag1_thread_stack
 .bss.rt_flag2_thread_stack
                0x200002d0      0x200 CMakeFiles/test_LED.dir/Core/Src/demo.c.obj
                0x200002d0                rt_flag2_thread_stack
 .bss.rt_interrupt_from_thread
                0x200004d0        0x4 CMakeFiles/test_LED.dir/Kernel/Src/cpuport.c.obj
                0x200004d0                rt_interrupt_from_thread
 .bss.rt_interrupt_to_thread
                0x200004d4        0x4 CMakeFiles/test_LED.dir/Kernel/Src/cpuport.c.obj
                0x200004d4                rt_interrupt_to_thread
 .bss.rt_thread_switch_interrupt_flag
                0x200004d8        0x4 CMakeFiles/test_LED.dir/Kernel/Src/cpuport.c.obj
                0x200004d8                rt_thread_switch_interrupt_flag
 .bss.rt_thread_priority_table
                0x200004dc      0x100 CMakeFiles/test_LED.dir/Kernel/Src/schedule.c.obj
                0x200004dc                rt_thread_priority_table
 .bss.rt_thread_ready_priority_group
                0x200005dc        0x4 CMakeFiles/test_LED.dir/Kernel/Src/schedule.c.obj
                0x200005dc                rt_thread_ready_priority_group
 .bss.rt_current_priority
                0x200005e0        0x4 CMakeFiles/test_LED.dir/Kernel/Src/schedule.c.obj
                0x200005e0                rt_current_priority
 .bss.rt_current_thread
                0x200005e4        0x4 CMakeFiles/test_LED.dir/Kernel/Src/schedule.c.obj
                0x200005e4                rt_current_thread
 .bss.rt_tick   0x200005e8        0x4 CMakeFiles/test_LED.dir/Kernel/Src/clock.c.obj
 .bss.rt_interrupt_nest
                0x200005ec        0x1 CMakeFiles/test_LED.dir/Kernel/Src/irqc.c.obj
                0x200005ec                rt_interrupt_nest
 *fill*         0x200005ed        0x3 
 .bss.rt_thread_stack
                0x200005f0      0x200 CMakeFiles/test_LED.dir/Kernel/Src/idle.c.obj
 .bss.idle      0x200007f0       0x44 CMakeFiles/test_LED.dir/Kernel/Src/idle.c.obj
                0x200007f0                idle
 .bss.rt_idletask_ctr
                0x20000834        0x4 CMakeFiles/test_LED.dir/Kernel/Src/idle.c.obj
                0x20000834                rt_idletask_ctr
 *(COMMON)
                0x20000838                . = ALIGN (0x4)
                0x20000838                _ebss = .
                0x20000838                __bss_end__ = _ebss

._user_heap_stack
                0x20000838      0x600 load address 0x08001628
                0x20000838                . = ALIGN (0x8)
                [!provide]                PROVIDE (end = .)
                0x20000838                PROVIDE (_end = .)
                0x20000a38                . = (. + _Min_Heap_Size)
 *fill*         0x20000838      0x200 
                0x20000e38                . = (. + _Min_Stack_Size)
 *fill*         0x20000a38      0x400 
                0x20000e38                . = ALIGN (0x8)

/DISCARD/
 libc.a(*)
 libm.a(*)
 libgcc.a(*)
OUTPUT(test_LED.elf elf32-littlearm)
LOAD linker stubs
LOAD d:/program files (x86)/gnu/10 2021.10/bin/../lib/gcc/arm-none-eabi/10.3.1/../../../../arm-none-eabi/lib/thumb/v7-m/nofp\libc.a
LOAD d:/program files (x86)/gnu/10 2021.10/bin/../lib/gcc/arm-none-eabi/10.3.1/../../../../arm-none-eabi/lib/thumb/v7-m/nofp\libm.a
LOAD d:/program files (x86)/gnu/10 2021.10/bin/../lib/gcc/arm-none-eabi/10.3.1/thumb/v7-m/nofp\libgcc.a

.ARM.attributes
                0x00000000       0x29
 .ARM.attributes
                0x00000000       0x1d d:/program files (x86)/gnu/10 2021.10/bin/../lib/gcc/arm-none-eabi/10.3.1/thumb/v7-m/nofp/crti.o
 .ARM.attributes
                0x0000001d       0x2d d:/program files (x86)/gnu/10 2021.10/bin/../lib/gcc/arm-none-eabi/10.3.1/thumb/v7-m/nofp/crtbegin.o
 .ARM.attributes
                0x0000004a       0x2d d:/program files (x86)/gnu/10 2021.10/bin/../lib/gcc/arm-none-eabi/10.3.1/../../../../arm-none-eabi/lib/thumb/v7-m/nofp\libc_nano.a(lib_a-init.o)
 .ARM.attributes
                0x00000077       0x2d CMakeFiles/test_LED.dir/Core/Src/main.c.obj
 .ARM.attributes
                0x000000a4       0x2d CMakeFiles/test_LED.dir/Core/Src/gpio.c.obj
 .ARM.attributes
                0x000000d1       0x2d CMakeFiles/test_LED.dir/Core/Src/demo.c.obj
 .ARM.attributes
                0x000000fe       0x2d CMakeFiles/test_LED.dir/Core/Src/stm32f1xx_it.c.obj
 .ARM.attributes
                0x0000012b       0x2d CMakeFiles/test_LED.dir/Core/Src/stm32f1xx_hal_msp.c.obj
 .ARM.attributes
                0x00000158       0x2d CMakeFiles/test_LED.dir/Drivers/STM32F1xx_HAL_Driver/Src/stm32f1xx_hal.c.obj
 .ARM.attributes
                0x00000185       0x2d CMakeFiles/test_LED.dir/Drivers/STM32F1xx_HAL_Driver/Src/stm32f1xx_hal_gpio.c.obj
 .ARM.attributes
                0x000001b2       0x2d CMakeFiles/test_LED.dir/Drivers/STM32F1xx_HAL_Driver/Src/stm32f1xx_hal_cortex.c.obj
 .ARM.attributes
                0x000001df       0x2d CMakeFiles/test_LED.dir/Core/Src/system_stm32f1xx.c.obj
 .ARM.attributes
                0x0000020c       0x21 CMakeFiles/test_LED.dir/startup_stm32f103xb.s.obj
 .ARM.attributes
                0x0000022d       0x21 CMakeFiles/test_LED.dir/Core/Src/task.s.obj
 .ARM.attributes
                0x0000024e       0x2d CMakeFiles/test_LED.dir/Kernel/Src/cpuport.c.obj
 .ARM.attributes
                0x0000027b       0x2d CMakeFiles/test_LED.dir/Kernel/Src/schedule.c.obj
 .ARM.attributes
                0x000002a8       0x2d CMakeFiles/test_LED.dir/Kernel/Src/thread.c.obj
 .ARM.attributes
                0x000002d5       0x2d CMakeFiles/test_LED.dir/Kernel/Src/object.c.obj
 .ARM.attributes
                0x00000302       0x2d CMakeFiles/test_LED.dir/Kernel/Src/clock.c.obj
 .ARM.attributes
                0x0000032f       0x2d CMakeFiles/test_LED.dir/Kernel/Src/irqc.c.obj
 .ARM.attributes
                0x0000035c       0x2d CMakeFiles/test_LED.dir/Kernel/Src/idle.c.obj
 .ARM.attributes
                0x00000389       0x2d CMakeFiles/test_LED.dir/Kernel/Src/service.c.obj
 .ARM.attributes
                0x000003b6       0x1d d:/program files (x86)/gnu/10 2021.10/bin/../lib/gcc/arm-none-eabi/10.3.1/thumb/v7-m/nofp/crtn.o

.comment        0x00000000       0x49
 .comment       0x00000000       0x49 CMakeFiles/test_LED.dir/Core/Src/main.c.obj
                                 0x4a (size before relaxing)
 .comment       0x00000049       0x4a CMakeFiles/test_LED.dir/Core/Src/gpio.c.obj
 .comment       0x00000049       0x4a CMakeFiles/test_LED.dir/Core/Src/demo.c.obj
 .comment       0x00000049       0x4a CMakeFiles/test_LED.dir/Core/Src/stm32f1xx_it.c.obj
 .comment       0x00000049       0x4a CMakeFiles/test_LED.dir/Core/Src/stm32f1xx_hal_msp.c.obj
 .comment       0x00000049       0x4a CMakeFiles/test_LED.dir/Drivers/STM32F1xx_HAL_Driver/Src/stm32f1xx_hal.c.obj
 .comment       0x00000049       0x4a CMakeFiles/test_LED.dir/Drivers/STM32F1xx_HAL_Driver/Src/stm32f1xx_hal_gpio.c.obj
 .comment       0x00000049       0x4a CMakeFiles/test_LED.dir/Drivers/STM32F1xx_HAL_Driver/Src/stm32f1xx_hal_cortex.c.obj
 .comment       0x00000049       0x4a CMakeFiles/test_LED.dir/Core/Src/system_stm32f1xx.c.obj
 .comment       0x00000049       0x4a CMakeFiles/test_LED.dir/Kernel/Src/cpuport.c.obj
 .comment       0x00000049       0x4a CMakeFiles/test_LED.dir/Kernel/Src/schedule.c.obj
 .comment       0x00000049       0x4a CMakeFiles/test_LED.dir/Kernel/Src/thread.c.obj
 .comment       0x00000049       0x4a CMakeFiles/test_LED.dir/Kernel/Src/object.c.obj
 .comment       0x00000049       0x4a CMakeFiles/test_LED.dir/Kernel/Src/clock.c.obj
 .comment       0x00000049       0x4a CMakeFiles/test_LED.dir/Kernel/Src/irqc.c.obj
 .comment       0x00000049       0x4a CMakeFiles/test_LED.dir/Kernel/Src/idle.c.obj
 .comment       0x00000049       0x4a CMakeFiles/test_LED.dir/Kernel/Src/service.c.obj

.debug_frame    0x00000000     0x1000
 .debug_frame   0x00000000       0x2c d:/program files (x86)/gnu/10 2021.10/bin/../lib/gcc/arm-none-eabi/10.3.1/../../../../arm-none-eabi/lib/thumb/v7-m/nofp\libc_nano.a(lib_a-init.o)
 .debug_frame   0x0000002c       0x68 CMakeFiles/test_LED.dir/Core/Src/main.c.obj
 .debug_frame   0x00000094       0x34 CMakeFiles/test_LED.dir/Core/Src/gpio.c.obj
 .debug_frame   0x000000c8       0xc0 CMakeFiles/test_LED.dir/Core/Src/demo.c.obj
 .debug_frame   0x00000188       0xc4 CMakeFiles/test_LED.dir/Core/Src/stm32f1xx_it.c.obj
 .debug_frame   0x0000024c       0x38 CMakeFiles/test_LED.dir/Core/Src/stm32f1xx_hal_msp.c.obj
 .debug_frame   0x00000284      0x334 CMakeFiles/test_LED.dir/Drivers/STM32F1xx_HAL_Driver/Src/stm32f1xx_hal.c.obj
 .debug_frame   0x000005b8      0x14c CMakeFiles/test_LED.dir/Drivers/STM32F1xx_HAL_Driver/Src/stm32f1xx_hal_gpio.c.obj
 .debug_frame   0x00000704      0x428 CMakeFiles/test_LED.dir/Drivers/STM32F1xx_HAL_Driver/Src/stm32f1xx_hal_cortex.c.obj
 .debug_frame   0x00000b2c       0x58 CMakeFiles/test_LED.dir/Core/Src/system_stm32f1xx.c.obj
 .debug_frame   0x00000b84       0x38 CMakeFiles/test_LED.dir/Kernel/Src/cpuport.c.obj
 .debug_frame   0x00000bbc      0x168 CMakeFiles/test_LED.dir/Kernel/Src/schedule.c.obj
 .debug_frame   0x00000d24      0x118 CMakeFiles/test_LED.dir/Kernel/Src/thread.c.obj
 .debug_frame   0x00000e3c       0xb0 CMakeFiles/test_LED.dir/Kernel/Src/object.c.obj
 .debug_frame   0x00000eec       0x34 CMakeFiles/test_LED.dir/Kernel/Src/clock.c.obj
 .debug_frame   0x00000f20       0x58 CMakeFiles/test_LED.dir/Kernel/Src/irqc.c.obj
 .debug_frame   0x00000f78       0x50 CMakeFiles/test_LED.dir/Kernel/Src/idle.c.obj
 .debug_frame   0x00000fc8       0x38 CMakeFiles/test_LED.dir/Kernel/Src/service.c.obj

.debug_info     0x00000000     0x3f53
 .debug_info    0x00000000      0x24c CMakeFiles/test_LED.dir/Core/Src/main.c.obj
 .debug_info    0x0000024c      0x2c7 CMakeFiles/test_LED.dir/Core/Src/gpio.c.obj
 .debug_info    0x00000513      0x89a CMakeFiles/test_LED.dir/Core/Src/demo.c.obj
 .debug_info    0x00000dad       0xfc CMakeFiles/test_LED.dir/Core/Src/stm32f1xx_it.c.obj
 .debug_info    0x00000ea9      0x217 CMakeFiles/test_LED.dir/Core/Src/stm32f1xx_hal_msp.c.obj
 .debug_info    0x000010c0      0x6e1 CMakeFiles/test_LED.dir/Drivers/STM32F1xx_HAL_Driver/Src/stm32f1xx_hal.c.obj
 .debug_info    0x000017a1      0x615 CMakeFiles/test_LED.dir/Drivers/STM32F1xx_HAL_Driver/Src/stm32f1xx_hal_gpio.c.obj
 .debug_info    0x00001db6      0xb20 CMakeFiles/test_LED.dir/Drivers/STM32F1xx_HAL_Driver/Src/stm32f1xx_hal_cortex.c.obj
 .debug_info    0x000028d6      0x23d CMakeFiles/test_LED.dir/Core/Src/system_stm32f1xx.c.obj
 .debug_info    0x00002b13       0x22 CMakeFiles/test_LED.dir/startup_stm32f103xb.s.obj
 .debug_info    0x00002b35       0x26 CMakeFiles/test_LED.dir/Core/Src/task.s.obj
 .debug_info    0x00002b5b      0x225 CMakeFiles/test_LED.dir/Kernel/Src/cpuport.c.obj
 .debug_info    0x00002d80      0x3e1 CMakeFiles/test_LED.dir/Kernel/Src/schedule.c.obj
 .debug_info    0x00003161      0x45e CMakeFiles/test_LED.dir/Kernel/Src/thread.c.obj
 .debug_info    0x000035bf      0x35a CMakeFiles/test_LED.dir/Kernel/Src/object.c.obj
 .debug_info    0x00003919      0x249 CMakeFiles/test_LED.dir/Kernel/Src/clock.c.obj
 .debug_info    0x00003b62       0xe0 CMakeFiles/test_LED.dir/Kernel/Src/irqc.c.obj
 .debug_info    0x00003c42      0x24a CMakeFiles/test_LED.dir/Kernel/Src/idle.c.obj
 .debug_info    0x00003e8c       0xc7 CMakeFiles/test_LED.dir/Kernel/Src/service.c.obj

.debug_abbrev   0x00000000     0x1565
 .debug_abbrev  0x00000000      0x11f CMakeFiles/test_LED.dir/Core/Src/main.c.obj
 .debug_abbrev  0x0000011f      0x10f CMakeFiles/test_LED.dir/Core/Src/gpio.c.obj
 .debug_abbrev  0x0000022e      0x206 CMakeFiles/test_LED.dir/Core/Src/demo.c.obj
 .debug_abbrev  0x00000434       0x61 CMakeFiles/test_LED.dir/Core/Src/stm32f1xx_it.c.obj
 .debug_abbrev  0x00000495       0xd4 CMakeFiles/test_LED.dir/Core/Src/stm32f1xx_hal_msp.c.obj
 .debug_abbrev  0x00000569      0x1c8 CMakeFiles/test_LED.dir/Drivers/STM32F1xx_HAL_Driver/Src/stm32f1xx_hal.c.obj
 .debug_abbrev  0x00000731      0x1bb CMakeFiles/test_LED.dir/Drivers/STM32F1xx_HAL_Driver/Src/stm32f1xx_hal_gpio.c.obj
 .debug_abbrev  0x000008ec      0x2ed CMakeFiles/test_LED.dir/Drivers/STM32F1xx_HAL_Driver/Src/stm32f1xx_hal_cortex.c.obj
 .debug_abbrev  0x00000bd9      0x13b CMakeFiles/test_LED.dir/Core/Src/system_stm32f1xx.c.obj
 .debug_abbrev  0x00000d14       0x12 CMakeFiles/test_LED.dir/startup_stm32f103xb.s.obj
 .debug_abbrev  0x00000d26       0x14 CMakeFiles/test_LED.dir/Core/Src/task.s.obj
 .debug_abbrev  0x00000d3a       0xe3 CMakeFiles/test_LED.dir/Kernel/Src/cpuport.c.obj
 .debug_abbrev  0x00000e1d      0x141 CMakeFiles/test_LED.dir/Kernel/Src/schedule.c.obj
 .debug_abbrev  0x00000f5e      0x194 CMakeFiles/test_LED.dir/Kernel/Src/thread.c.obj
 .debug_abbrev  0x000010f2      0x15b CMakeFiles/test_LED.dir/Kernel/Src/object.c.obj
 .debug_abbrev  0x0000124d       0xe0 CMakeFiles/test_LED.dir/Kernel/Src/clock.c.obj
 .debug_abbrev  0x0000132d       0x9d CMakeFiles/test_LED.dir/Kernel/Src/irqc.c.obj
 .debug_abbrev  0x000013ca      0x106 CMakeFiles/test_LED.dir/Kernel/Src/idle.c.obj
 .debug_abbrev  0x000014d0       0x95 CMakeFiles/test_LED.dir/Kernel/Src/service.c.obj

.debug_aranges  0x00000000      0x540
 .debug_aranges
                0x00000000       0x30 CMakeFiles/test_LED.dir/Core/Src/main.c.obj
 .debug_aranges
                0x00000030       0x20 CMakeFiles/test_LED.dir/Core/Src/gpio.c.obj
 .debug_aranges
                0x00000050       0x40 CMakeFiles/test_LED.dir/Core/Src/demo.c.obj
 .debug_aranges
                0x00000090       0x50 CMakeFiles/test_LED.dir/Core/Src/stm32f1xx_it.c.obj
 .debug_aranges
                0x000000e0       0x20 CMakeFiles/test_LED.dir/Core/Src/stm32f1xx_hal_msp.c.obj
 .debug_aranges
                0x00000100       0xe0 CMakeFiles/test_LED.dir/Drivers/STM32F1xx_HAL_Driver/Src/stm32f1xx_hal.c.obj
 .debug_aranges
                0x000001e0       0x58 CMakeFiles/test_LED.dir/Drivers/STM32F1xx_HAL_Driver/Src/stm32f1xx_hal_gpio.c.obj
 .debug_aranges
                0x00000238      0x100 CMakeFiles/test_LED.dir/Drivers/STM32F1xx_HAL_Driver/Src/stm32f1xx_hal_cortex.c.obj
 .debug_aranges
                0x00000338       0x28 CMakeFiles/test_LED.dir/Core/Src/system_stm32f1xx.c.obj
 .debug_aranges
                0x00000360       0x28 CMakeFiles/test_LED.dir/startup_stm32f103xb.s.obj
 .debug_aranges
                0x00000388       0x20 CMakeFiles/test_LED.dir/Core/Src/task.s.obj
 .debug_aranges
                0x000003a8       0x20 CMakeFiles/test_LED.dir/Kernel/Src/cpuport.c.obj
 .debug_aranges
                0x000003c8       0x60 CMakeFiles/test_LED.dir/Kernel/Src/schedule.c.obj
 .debug_aranges
                0x00000428       0x50 CMakeFiles/test_LED.dir/Kernel/Src/thread.c.obj
 .debug_aranges
                0x00000478       0x38 CMakeFiles/test_LED.dir/Kernel/Src/object.c.obj
 .debug_aranges
                0x000004b0       0x20 CMakeFiles/test_LED.dir/Kernel/Src/clock.c.obj
 .debug_aranges
                0x000004d0       0x28 CMakeFiles/test_LED.dir/Kernel/Src/irqc.c.obj
 .debug_aranges
                0x000004f8       0x28 CMakeFiles/test_LED.dir/Kernel/Src/idle.c.obj
 .debug_aranges
                0x00000520       0x20 CMakeFiles/test_LED.dir/Kernel/Src/service.c.obj

.debug_ranges   0x00000000      0x408
 .debug_ranges  0x00000000       0x20 CMakeFiles/test_LED.dir/Core/Src/main.c.obj
 .debug_ranges  0x00000020       0x10 CMakeFiles/test_LED.dir/Core/Src/gpio.c.obj
 .debug_ranges  0x00000030       0x30 CMakeFiles/test_LED.dir/Core/Src/demo.c.obj
 .debug_ranges  0x00000060       0x40 CMakeFiles/test_LED.dir/Core/Src/stm32f1xx_it.c.obj
 .debug_ranges  0x000000a0       0x10 CMakeFiles/test_LED.dir/Core/Src/stm32f1xx_hal_msp.c.obj
 .debug_ranges  0x000000b0       0xd0 CMakeFiles/test_LED.dir/Drivers/STM32F1xx_HAL_Driver/Src/stm32f1xx_hal.c.obj
 .debug_ranges  0x00000180       0x48 CMakeFiles/test_LED.dir/Drivers/STM32F1xx_HAL_Driver/Src/stm32f1xx_hal_gpio.c.obj
 .debug_ranges  0x000001c8       0xf0 CMakeFiles/test_LED.dir/Drivers/STM32F1xx_HAL_Driver/Src/stm32f1xx_hal_cortex.c.obj
 .debug_ranges  0x000002b8       0x18 CMakeFiles/test_LED.dir/Core/Src/system_stm32f1xx.c.obj
 .debug_ranges  0x000002d0       0x20 CMakeFiles/test_LED.dir/startup_stm32f103xb.s.obj
 .debug_ranges  0x000002f0       0x10 CMakeFiles/test_LED.dir/Kernel/Src/cpuport.c.obj
 .debug_ranges  0x00000300       0x50 CMakeFiles/test_LED.dir/Kernel/Src/schedule.c.obj
 .debug_ranges  0x00000350       0x40 CMakeFiles/test_LED.dir/Kernel/Src/thread.c.obj
 .debug_ranges  0x00000390       0x28 CMakeFiles/test_LED.dir/Kernel/Src/object.c.obj
 .debug_ranges  0x000003b8       0x10 CMakeFiles/test_LED.dir/Kernel/Src/clock.c.obj
 .debug_ranges  0x000003c8       0x18 CMakeFiles/test_LED.dir/Kernel/Src/irqc.c.obj
 .debug_ranges  0x000003e0       0x18 CMakeFiles/test_LED.dir/Kernel/Src/idle.c.obj
 .debug_ranges  0x000003f8       0x10 CMakeFiles/test_LED.dir/Kernel/Src/service.c.obj

.debug_macro    0x00000000    0x16116
 .debug_macro   0x00000000      0x21d CMakeFiles/test_LED.dir/Core/Src/main.c.obj
 .debug_macro   0x0000021d      0xa6c CMakeFiles/test_LED.dir/Core/Src/main.c.obj
 .debug_macro   0x00000c89      0x20f CMakeFiles/test_LED.dir/Core/Src/main.c.obj
 .debug_macro   0x00000e98       0x2e CMakeFiles/test_LED.dir/Core/Src/main.c.obj
 .debug_macro   0x00000ec6       0x22 CMakeFiles/test_LED.dir/Core/Src/main.c.obj
 .debug_macro   0x00000ee8       0x22 CMakeFiles/test_LED.dir/Core/Src/main.c.obj
 .debug_macro   0x00000f0a       0x8e CMakeFiles/test_LED.dir/Core/Src/main.c.obj
 .debug_macro   0x00000f98       0x51 CMakeFiles/test_LED.dir/Core/Src/main.c.obj
 .debug_macro   0x00000fe9      0x103 CMakeFiles/test_LED.dir/Core/Src/main.c.obj
 .debug_macro   0x000010ec       0x6a CMakeFiles/test_LED.dir/Core/Src/main.c.obj
 .debug_macro   0x00001156      0x1df CMakeFiles/test_LED.dir/Core/Src/main.c.obj
 .debug_macro   0x00001335       0x1c CMakeFiles/test_LED.dir/Core/Src/main.c.obj
 .debug_macro   0x00001351       0x22 CMakeFiles/test_LED.dir/Core/Src/main.c.obj
 .debug_macro   0x00001373       0xbd CMakeFiles/test_LED.dir/Core/Src/main.c.obj
 .debug_macro   0x00001430      0xd23 CMakeFiles/test_LED.dir/Core/Src/main.c.obj
 .debug_macro   0x00002153     0xe09e CMakeFiles/test_LED.dir/Core/Src/main.c.obj
 .debug_macro   0x000101f1       0x6d CMakeFiles/test_LED.dir/Core/Src/main.c.obj
 .debug_macro   0x0001025e     0x34a2 CMakeFiles/test_LED.dir/Core/Src/main.c.obj
 .debug_macro   0x00013700      0x174 CMakeFiles/test_LED.dir/Core/Src/main.c.obj
 .debug_macro   0x00013874       0x5c CMakeFiles/test_LED.dir/Core/Src/main.c.obj
 .debug_macro   0x000138d0      0x5bc CMakeFiles/test_LED.dir/Core/Src/main.c.obj
 .debug_macro   0x00013e8c      0x289 CMakeFiles/test_LED.dir/Core/Src/main.c.obj
 .debug_macro   0x00014115      0x1cb CMakeFiles/test_LED.dir/Core/Src/main.c.obj
 .debug_macro   0x000142e0      0x114 CMakeFiles/test_LED.dir/Core/Src/main.c.obj
 .debug_macro   0x000143f4      0x1b2 CMakeFiles/test_LED.dir/Core/Src/main.c.obj
 .debug_macro   0x000145a6       0x27 CMakeFiles/test_LED.dir/Core/Src/main.c.obj
 .debug_macro   0x000145cd      0x136 CMakeFiles/test_LED.dir/Core/Src/main.c.obj
 .debug_macro   0x00014703      0x1bc CMakeFiles/test_LED.dir/Core/Src/main.c.obj
 .debug_macro   0x000148bf       0x34 CMakeFiles/test_LED.dir/Core/Src/main.c.obj
 .debug_macro   0x000148f3       0x3c CMakeFiles/test_LED.dir/Core/Src/main.c.obj
 .debug_macro   0x0001492f       0x57 CMakeFiles/test_LED.dir/Core/Src/main.c.obj
 .debug_macro   0x00014986       0x87 CMakeFiles/test_LED.dir/Core/Src/main.c.obj
 .debug_macro   0x00014a0d      0x240 CMakeFiles/test_LED.dir/Core/Src/main.c.obj
 .debug_macro   0x00014c4d      0x140 CMakeFiles/test_LED.dir/Core/Src/main.c.obj
 .debug_macro   0x00014d8d       0x83 CMakeFiles/test_LED.dir/Core/Src/main.c.obj
 .debug_macro   0x00014e10       0xc5 CMakeFiles/test_LED.dir/Core/Src/main.c.obj
 .debug_macro   0x00014ed5       0x16 CMakeFiles/test_LED.dir/Core/Src/main.c.obj
 .debug_macro   0x00014eeb       0x28 CMakeFiles/test_LED.dir/Core/Src/main.c.obj
 .debug_macro   0x00014f13      0x20f CMakeFiles/test_LED.dir/Core/Src/gpio.c.obj
 .debug_macro   0x00015122      0x20f CMakeFiles/test_LED.dir/Core/Src/demo.c.obj
 .debug_macro   0x00015331      0x20f CMakeFiles/test_LED.dir/Core/Src/stm32f1xx_it.c.obj
 .debug_macro   0x00015540      0x205 CMakeFiles/test_LED.dir/Core/Src/stm32f1xx_hal_msp.c.obj
 .debug_macro   0x00015745      0x1a8 CMakeFiles/test_LED.dir/Drivers/STM32F1xx_HAL_Driver/Src/stm32f1xx_hal.c.obj
 .debug_macro   0x000158ed      0x1ef CMakeFiles/test_LED.dir/Drivers/STM32F1xx_HAL_Driver/Src/stm32f1xx_hal_gpio.c.obj
 .debug_macro   0x00015adc      0x184 CMakeFiles/test_LED.dir/Drivers/STM32F1xx_HAL_Driver/Src/stm32f1xx_hal_cortex.c.obj
 .debug_macro   0x00015c60      0x184 CMakeFiles/test_LED.dir/Core/Src/system_stm32f1xx.c.obj
 .debug_macro   0x00015de4       0x1a CMakeFiles/test_LED.dir/Kernel/Src/cpuport.c.obj
 .debug_macro   0x00015dfe       0x4d CMakeFiles/test_LED.dir/Kernel/Src/schedule.c.obj
 .debug_macro   0x00015e4b       0x83 CMakeFiles/test_LED.dir/Kernel/Src/thread.c.obj
 .debug_macro   0x00015ece       0x89 CMakeFiles/test_LED.dir/Kernel/Src/object.c.obj
 .debug_macro   0x00015f57       0x8f CMakeFiles/test_LED.dir/Kernel/Src/clock.c.obj
 .debug_macro   0x00015fe6       0x83 CMakeFiles/test_LED.dir/Kernel/Src/irqc.c.obj
 .debug_macro   0x00016069       0x89 CMakeFiles/test_LED.dir/Kernel/Src/idle.c.obj
 .debug_macro   0x000160f2       0x24 CMakeFiles/test_LED.dir/Kernel/Src/service.c.obj

.debug_line     0x00000000     0x4b61
 .debug_line    0x00000000      0x63a CMakeFiles/test_LED.dir/Core/Src/main.c.obj
 .debug_line    0x0000063a      0x5db CMakeFiles/test_LED.dir/Core/Src/gpio.c.obj
 .debug_line    0x00000c15      0x69d CMakeFiles/test_LED.dir/Core/Src/demo.c.obj
 .debug_line    0x000012b2      0x65c CMakeFiles/test_LED.dir/Core/Src/stm32f1xx_it.c.obj
 .debug_line    0x0000190e      0x5be CMakeFiles/test_LED.dir/Core/Src/stm32f1xx_hal_msp.c.obj
 .debug_line    0x00001ecc      0x7b6 CMakeFiles/test_LED.dir/Drivers/STM32F1xx_HAL_Driver/Src/stm32f1xx_hal.c.obj
 .debug_line    0x00002682      0x84f CMakeFiles/test_LED.dir/Drivers/STM32F1xx_HAL_Driver/Src/stm32f1xx_hal_gpio.c.obj
 .debug_line    0x00002ed1      0x99e CMakeFiles/test_LED.dir/Drivers/STM32F1xx_HAL_Driver/Src/stm32f1xx_hal_cortex.c.obj
 .debug_line    0x0000386f      0x589 CMakeFiles/test_LED.dir/Core/Src/system_stm32f1xx.c.obj
 .debug_line    0x00003df8       0x92 CMakeFiles/test_LED.dir/startup_stm32f103xb.s.obj
 .debug_line    0x00003e8a       0xa6 CMakeFiles/test_LED.dir/Core/Src/task.s.obj
 .debug_line    0x00003f30       0xe1 CMakeFiles/test_LED.dir/Kernel/Src/cpuport.c.obj
 .debug_line    0x00004011      0x278 CMakeFiles/test_LED.dir/Kernel/Src/schedule.c.obj
 .debug_line    0x00004289      0x253 CMakeFiles/test_LED.dir/Kernel/Src/thread.c.obj
 .debug_line    0x000044dc      0x1d1 CMakeFiles/test_LED.dir/Kernel/Src/object.c.obj
 .debug_line    0x000046ad      0x154 CMakeFiles/test_LED.dir/Kernel/Src/clock.c.obj
 .debug_line    0x00004801      0x143 CMakeFiles/test_LED.dir/Kernel/Src/irqc.c.obj
 .debug_line    0x00004944      0x135 CMakeFiles/test_LED.dir/Kernel/Src/idle.c.obj
 .debug_line    0x00004a79       0xe8 CMakeFiles/test_LED.dir/Kernel/Src/service.c.obj

.debug_str      0x00000000    0x7c6be
 .debug_str     0x00000000    0x7adcd CMakeFiles/test_LED.dir/Core/Src/main.c.obj
                              0x7b0eb (size before relaxing)
 .debug_str     0x0007adcd       0xeb CMakeFiles/test_LED.dir/Core/Src/gpio.c.obj
                              0x7b040 (size before relaxing)
 .debug_str     0x0007aeb8      0x4ea CMakeFiles/test_LED.dir/Core/Src/demo.c.obj
                              0x7b533 (size before relaxing)
 .debug_str     0x0007b3a2       0xbd CMakeFiles/test_LED.dir/Core/Src/stm32f1xx_it.c.obj
                              0x7afe4 (size before relaxing)
 .debug_str     0x0007b45f       0x6b CMakeFiles/test_LED.dir/Core/Src/stm32f1xx_hal_msp.c.obj
                              0x7aff6 (size before relaxing)
 .debug_str     0x0007b4ca      0x388 CMakeFiles/test_LED.dir/Drivers/STM32F1xx_HAL_Driver/Src/stm32f1xx_hal.c.obj
                              0x7b309 (size before relaxing)
 .debug_str     0x0007b852      0x346 CMakeFiles/test_LED.dir/Drivers/STM32F1xx_HAL_Driver/Src/stm32f1xx_hal_gpio.c.obj
                              0x7afab (size before relaxing)
 .debug_str     0x0007bb98      0x246 CMakeFiles/test_LED.dir/Drivers/STM32F1xx_HAL_Driver/Src/stm32f1xx_hal_cortex.c.obj
                              0x7b2a4 (size before relaxing)
 .debug_str     0x0007bdde       0x89 CMakeFiles/test_LED.dir/Core/Src/system_stm32f1xx.c.obj
                              0x7ac25 (size before relaxing)
 .debug_str     0x0007be67       0x42 CMakeFiles/test_LED.dir/startup_stm32f103xb.s.obj
                                 0x66 (size before relaxing)
 .debug_str     0x0007bea9       0x2e CMakeFiles/test_LED.dir/Core/Src/task.s.obj
                                 0x60 (size before relaxing)
 .debug_str     0x0007bed7       0xb1 CMakeFiles/test_LED.dir/Kernel/Src/cpuport.c.obj
                               0x3062 (size before relaxing)
 .debug_str     0x0007bf88      0x209 CMakeFiles/test_LED.dir/Kernel/Src/schedule.c.obj
                               0x32fc (size before relaxing)
 .debug_str     0x0007c191      0x205 CMakeFiles/test_LED.dir/Kernel/Src/thread.c.obj
                               0x3394 (size before relaxing)
 .debug_str     0x0007c396      0x18d CMakeFiles/test_LED.dir/Kernel/Src/object.c.obj
                               0x3391 (size before relaxing)
 .debug_str     0x0007c523       0x4a CMakeFiles/test_LED.dir/Kernel/Src/clock.c.obj
                               0x3262 (size before relaxing)
 .debug_str     0x0007c56d       0x68 CMakeFiles/test_LED.dir/Kernel/Src/irqc.c.obj
                               0x30c6 (size before relaxing)
 .debug_str     0x0007c5d5       0x99 CMakeFiles/test_LED.dir/Kernel/Src/idle.c.obj
                               0x31c1 (size before relaxing)
 .debug_str     0x0007c66e       0x50 CMakeFiles/test_LED.dir/Kernel/Src/service.c.obj
                               0x2fe9 (size before relaxing)
